******************************************************************************
            TI ARM Clang Linker PC v3.2.2                      
******************************************************************************
>> Linked Tue Jun 18 14:46:37 2024

OUTPUT FILE NAME:   <gpiointerrupt_CC3220S_LAUNCHXL_nortos_ticlang.out>
ENTRY POINT SYMBOL: "resetISR"  address: 20011409


MEMORY CONFIGURATION

         name            origin    length      used     unused   attr    fill
----------------------  --------  ---------  --------  --------  ----  --------
  SRAM2                 20000000   00004000  0000130c  00002cf4  RW X
  SRAM                  20004000   0003c000  0000f3a1  0002cc5f  RW X
  LOG_DATA              90000000   00040000  00000000  00040000  R   
  LOG_PTR               94000008   00040000  00000000  00040000  R   


SEGMENT ALLOCATION MAP

run origin  load origin   length   init length attrs members
----------  ----------- ---------- ----------- ----- -------
20003000    20003000    00001000   00000000    rw-
  20003000    20003000    00001000   00000000    rw- .stack
20004000    20004000    00000040   00000040    r--
  20004000    20004000    00000040   00000040    r-- .resetVecs
20004040    20004040    00008000   00000000    rw-
  20004040    20004040    00008000   00000000    rw- .sysmem
2000c040    2000c040    00005af4   00005af4    r-x
  2000c040    2000c040    00005af4   00005af4    r-x .text
20011c00    20011c00    00000a13   00000000    rw-
  20011c00    20011c00    00000a13   00000000    rw- .bss
20012620    20012620    000006c5   000006c5    r--
  20012620    20012620    000006c5   000006c5    r-- .rodata
20012ce8    20012ce8    0000069d   00000000    rw-
  20012ce8    20012ce8    0000069d   00000000    rw- .data
20013388    20013388    000000f8   000000f8    r--
  20013388    20013388    000000f8   000000f8    r-- .cinit


SECTION ALLOCATION MAP

 output                                  attributes/
section   page    origin      length       input sections
--------  ----  ----------  ----------   ----------------
.text      0    2000c040    00005af4     
                  2000c040    0000086c     libc.a : _printfi.c.obj (.text:__TI_printfi_nofloat)
                  2000c8ac    000004b8     driverlib.a : prcm.obj (.text.PRCMCC3200MCUInit)
                  2000cd64    000003e4     drivers_cc32xx.a : PowerCC32XX.c.obj (.text.Power_sleep)
                  2000d148    00000222                      : UART2CC32XX.c.obj (.text.UART2CC32XX_hwiIntFxn)
                  2000d36a    00000002     ti_drivers_config.o (.text.Board_initHook)
                  2000d36c    000001cc     drivers_cc32xx.a : UART2CC32XX.c.obj (.text.UART2_open)
                  2000d538    0000018c     gpiointerrupt.o (.text.initI2C)
                  2000d6c4    00000174     drivers_cc32xx.a : UART2.c.obj (.text.UART2_writeTimeoutBlocking)
                  2000d838    00000150     nortos_cc32xx.a : PowerCC32XX_nortos.c.obj (.text.PowerCC32XX_sleepPolicy)
                  2000d988    00000148     drivers_cc32xx.a : TimerCC32XX.c.obj (.text.Timer_open)
                  2000dad0    00000140                      : GPIOCC32XX.c.obj (.text.GPIO_setConfig)
                  2000dc10    00000138                      : I2CCC32XX.c.obj (.text.I2CCC32XX_hwiFxn)
                  2000dd48    00000126                      : I2C.c.obj (.text.I2C_transferTimeout)
                  2000de6e    00000002                      : I2C.c.obj (.text.I2C_init)
                  2000de70    00000120     libc.a : memory.c.obj (.text.aligned_alloc)
                  2000df90    0000011a     drivers_cc32xx.a : UART2.c.obj (.text.UART2_writeTimeoutNonblocking)
                  2000e0aa    00000002     nortos_cc32xx.a : PowerCC32XX_nortos.c.obj (.text.PowerCC32XX_initPolicy)
                  2000e0ac    00000114     gpiointerrupt.o (.text.mainThread)
                  2000e1c0    00000112     driverlib.a : udma.obj (.text.uDMAChannelTransferSet)
                  2000e2d2    00000002     nortos_cc32xx.a : SemaphoreP_nortos.c.obj (.text.SemaphoreP_destruct)
                  2000e2d4    000000fc     libclang_rt.builtins.a : muldf3.S.obj (.text.__muldf3)
                  2000e3d0    000000f0     libc.a : memory.c.obj (.text.free)
                  2000e4c0    000000e8     drivers_cc32xx.a : I2CCC32XX.c.obj (.text.I2C_open)
                  2000e5a8    000000e8                      : UART2CC32XX.c.obj (.text.UART2_close)
                  2000e690    000000cc                      : UART2CC32XX.c.obj (.text.UART2Support_dmaStartRx)
                  2000e75c    000000c8     driverlib.a : interrupt.obj (.text.IntDisable)
                  2000e824    000000c8                 : interrupt.obj (.text.IntEnable)
                  2000e8ec    000000c4     drivers_cc32xx.a : UART2CC32XX.c.obj (.text.UART2CC32XX_initHw)
                  2000e9b0    000000b8                      : UART2CC32XX.c.obj (.text.UART2Support_dmaStartTx)
                  2000ea68    000000b0     libclang_rt.builtins.a : udivmoddi4.S.obj (.text)
                  2000eb18    000000ac     driverlib.a : gpio.obj (.text.GPIOIntTypeSet)
                  2000ebc4    000000a4                 : interrupt.obj (.text.IntPendSet)
                  2000ec68    000000a4     gpiointerrupt.o (.text.readTemp)
                  2000ed0c    000000a2     driverlib.a : pin.obj (.text.PinConfigSet)
                  2000edae    0000009c     drivers_cc32xx.a : I2CCC32XX.c.obj (.text.I2CCC32XX_completeTransfer)
                  2000ee4a    00000098     driverlib.a : i2c.obj (.text.I2CMasterInitExpClk)
                  2000eee2    00000002     drivers_cc32xx.a : Timer.c.obj (.text.Timer_init)
                  2000eee4    00000098     nortos_cc32xx.a : SemaphoreP_nortos.c.obj (.text.SemaphoreP_pend)
                  2000ef7c    00000004                     : ClockPSysTick_nortos.c.obj (.text.ClockP_doTick)
                  2000ef80    00000096     drivers_cc32xx.a : PowerCC32XX_ticlang.asm.obj (.text)
                  2000f016    00000092     driverlib.a : udma.obj (.text.uDMAChannelAttributeDisable)
                  2000f0a8    00000090     drivers_cc32xx.a : GPIOCC32XX.c.obj (.text.GPIO_init)
                  2000f138    0000008e     driverlib.a : prcm.obj (.text.PRCMSysResetCauseGet)
                  2000f1c6    00000002     drivers_cc32xx.a : UART2CC32XX.c.obj (.text.UART2CC32XX_eventCallback)
                  2000f1c8    00000088                      : PowerCC32XX.c.obj (.text.PowerCC32XX_configureWakeup)
                  2000f250    0000007a                      : I2CCC32XX.c.obj (.text.I2CCC32XX_primeReadBurst)
                  2000f2ca    00000002     libclang_rt.builtins.a : aeabi_div0.c.obj (.text.__aeabi_ldiv0)
                  2000f2cc    00000078     drivers_cc32xx.a : PowerCC32XX.c.obj (.text.Power_init)
                  2000f344    00000074     nortos_cc32xx.a : HwiPCC32XX_nortos.c.obj (.text.HwiP_construct)
                  2000f3b8    00000074     driverlib.a : prcm.obj (.text.PRCMHibernateWakeUpGPIOSelect)
                  2000f42c    00000074                 : uart.obj (.text.UARTConfigSetExpClk)
                  2000f4a0    00000070     libc.a : copy_decompress_lzss.c.obj (.text:decompress:lzss)
                  2000f510    0000006c     driverlib.a : pin.obj (.text.PinLockLevelSet)
                  2000f57c    0000006c     drivers_cc32xx.a : PowerCC32XX.c.obj (.text.Power_setDependency)
                  2000f5e8    0000006c                      : UDMACC32XX.c.obj (.text.UDMACC32XX_open)
                  2000f654    0000006c                      : GPIOCC32XX.c.obj (.text.powerNotifyFxn)
                  2000f6c0    0000006c     libc.a : memory.c.obj (.text.split)
                  2000f72c    0000006a     driverlib.a : prcm.obj (.text.PRCMPeripheralReset)
                  2000f796    00000002     libc.a : _lock.c.obj (.text._nop)
                  2000f798    00000068     drivers_cc32xx.a : I2CCC32XX.c.obj (.text.I2CCC32XX_initHw)
                  2000f800    00000068     driverlib.a : interrupt.obj (.text.IntPendClear)
                  2000f868    00000066     drivers_cc32xx.a : I2CCC32XX.c.obj (.text.I2CCC32XX_primeWriteBurst)
                  2000f8ce    00000002     nortos_cc32xx.a : startup_cc32xx_ticlang.c.obj (.text.busFaultHandler)
                  2000f8d0    00000060     drivers_cc32xx.a : GPIOCC32XX.c.obj (.text.GPIO_write)
                  2000f930    00000060                      : UART2CC32XX.c.obj (.text.UART2Support_dmaStopTx)
                  2000f990    0000005c     driverlib.a : flash.obj (.text.FlashDisable)
                  2000f9ec    0000005c     drivers_cc32xx.a : I2CCC32XX.c.obj (.text.I2CSupport_primeTransfer)
                  2000fa48    0000005c     driverlib.a : prcm.obj (.text.PRCMHibernateWakeupSourceDisable)
                  2000faa4    0000005c     drivers_cc32xx.a : TimerCC32XX.c.obj (.text.TimerCC32XX_allocateTimerResource)
                  2000fb00    0000005a     driverlib.a : prcm.obj (.text.PRCMPeripheralClkEnable)
                  2000fb5a    00000002     nortos_cc32xx.a : SemaphoreP_nortos.c.obj (.text.clkFxn)
                  2000fb5c    00000058                     : ClockPSysTick_nortos.c.obj (.text.ClockP_startup)
                  2000fbb4    00000058     driverlib.a : interrupt.obj (.text.IntPrioritySet)
                  2000fc0c    00000056                 : prcm.obj (.text.PRCMLPDSEnter)
                  2000fc62    00000002     nortos_cc32xx.a : startup_cc32xx_ticlang.c.obj (.text.defaultHandler)
                  2000fc64    00000054     drivers_cc32xx.a : PowerCC32XX.c.obj (.text.PowerCC32XX_setParkState)
                  2000fcb8    00000054                      : PowerCC32XX.c.obj (.text.Power_releaseDependency)
                  2000fd0c    00000050                      : GPIOCC32XX.c.obj (.text.GPIO_hwiIntFxn)
                  2000fd5c    00000050     driverlib.a : prcm.obj (.text.PRCMHibernateWakeupSourceEnable)
                  2000fdac    00000050     nortos_cc32xx.a : SemaphoreP_nortos.c.obj (.text.SemaphoreP_construct)
                  2000fdfc    0000004e     driverlib.a : udma.obj (.text.uDMAChannelAssign)
                  2000fe4a    00000002     nortos_cc32xx.a : startup_cc32xx_ticlang.c.obj (.text.faultISR)
                  2000fe4c    0000004c     drivers_cc32xx.a : GPIOCC32XX.c.obj (.text.GPIO_setInterruptConfig)
                  2000fe98    0000004c     driverlib.a : prcm.obj (.text.PRCMLPDSRestoreInfoSet)
                  2000fee4    0000004c     drivers_cc32xx.a : TimerCC32XX.c.obj (.text.initHw)
                  2000ff30    0000004a                      : UART2CC32XX.c.obj (.text.UART2Support_dmaStopRx)
                  2000ff7a    0000004a                      : TimerCC32XX.c.obj (.text.getPrescaler)
                  2000ffc4    0000004a     driverlib.a : udma.obj (.text.uDMAChannelSizeGet)
                  2001000e    00000002     nortos_cc32xx.a : startup_cc32xx_ticlang.c.obj (.text.nmiISR)
                  20010010    00000048                     : ClockPSysTick_nortos.c.obj (.text.ClockP_sysTickHandler)
                  20010058    00000048     driverlib.a : prcm.obj (.text.PRCMIntEnable)
                  200100a0    00000048                 : prcm.obj (.text.PRCMPeripheralStatusGet)
                  200100e8    00000048                 : pin.obj (.text.PinConfigGet)
                  20010130    00000048     libclang_rt.builtins.a : fixdfsi.S.obj (.text.__fixdfsi)
                  20010178    00000046     drivers_cc32xx.a : I2CCC32XX.c.obj (.text.I2CCC32XX_fillTransmitFifo)
                  200101be    00000046     driverlib.a : prcm.obj (.text.PRCMLPDSEnterKeepDebugIf)
                  20010204    00000046     drivers_cc32xx.a : RingBuf.c.obj (.text.RingBuf_put)
                  2001024a    00000044     driverlib.a : gpio.obj (.text.GPIODirModeSet)
                  2001028e    00000002     --HOLE-- [fill = 0]
                  20010290    00000044     drivers_cc32xx.a : GPIOCC32XX.c.obj (.text.GPIO_disableInt)
                  200102d4    00000044                      : GPIOCC32XX.c.obj (.text.GPIO_enableInt)
                  20010318    00000044                      : PowerCC32XX.c.obj (.text.Power_releaseConstraint)
                  2001035c    00000044                      : Timer.c.obj (.text.Timer_start)
                  200103a0    00000044     nortos_cc32xx.a : ClockPSysTick_nortos.c.obj (.text.addToList)
                  200103e4    00000044     gpiointerrupt.o (.text.initTimer)
                  20010428    00000044     libc.a : snprintf.c.obj (.text.snprintf)
                  2001046c    00000042     driverlib.a : pin.obj (.text.PinModeSet)
                  200104ae    00000042                 : timer.obj (.text.TimerControlStall)
                  200104f0    00000042     drivers_cc32xx.a : TimerCC32XX.c.obj (.text.Timer_close)
                  20010532    00000042     nortos_cc32xx.a : PowerCC32XX_nortos.c.obj (.text.getCountsRTC)
                  20010574    00000040                     : SemaphoreP_nortos.c.obj (.text.SemaphoreP_post)
                  200105b4    00000040     drivers_cc32xx.a : Timer.c.obj (.text.Timer_stop)
                  200105f4    00000040     libc.a : atoi.c.obj (.text.atoi)
                  20010634    00000040     driverlib.a : udma.obj (.text.uDMAChannelControlSet)
                  20010674    0000003e                 : pin.obj (.text.PinDirModeSet)
                  200106b2    00000002     --HOLE-- [fill = 0]
                  200106b4    0000003c     nortos_cc32xx.a : ClockPSysTick_nortos.c.obj (.text.ClockP_stop)
                  200106f0    0000003c     drivers_cc32xx.a : UDMACC32XX.c.obj (.text.UDMACC32XX_init)
                  2001072c    0000003a                      : TimerCC32XX.c.obj (.text.TimerSupport_timerEnable)
                  20010766    00000002     --HOLE-- [fill = 0]
                  20010768    00000038     nortos_cc32xx.a : ClockPSysTick_nortos.c.obj (.text.ClockP_destruct)
                  200107a0    00000038     drivers_cc32xx.a : PowerCC32XX.c.obj (.text.Power_setConstraint)
                  200107d8    00000038                      : RingBuf.c.obj (.text.RingBuf_putAdvance)
                  20010810    00000038     nortos_cc32xx.a : SwiP_nortos.c.obj (.text.SwiP_restore)
                  20010848    00000038     drivers_cc32xx.a : UDMACC32XX.c.obj (.text.UDMACC32XX_close)
                  20010880    00000038     libc.a : autoinit.c.obj (.text:__TI_auto_init_nobinit_nopinit)
                  200108b8    00000036     driverlib.a : pin.obj (.text.PinLock)
                  200108ee    00000036     drivers_cc32xx.a : TimerCC32XX.c.obj (.text.TimerCC32XX_hwiIntFunction)
                  20010924    00000036     driverlib.a : uart.obj (.text.UARTCharPutNonBlocking)
                  2001095a    00000002     --HOLE-- [fill = 0]
                  2001095c    00000034     nortos_cc32xx.a : ClockPSysTick_nortos.c.obj (.text.ClockP_start)
                  20010990    00000034     driverlib.a : i2c.obj (.text.I2CFIFODataPutNonBlocking)
                  200109c4    00000034                 : pin.obj (.text.PinDirModeGet)
                  200109f8    00000034                 : pin.obj (.text.PinModeGet)
                  20010a2c    00000034     drivers_cc32xx.a : PowerCC32XX.c.obj (.text.PowerCC32XX_parkPin)
                  20010a60    00000034                      : TimerCC32XX.c.obj (.text.TimerCC32XX_freeTimerResource)
                  20010a94    00000034                      : UART2.c.obj (.text.UART2_rxDisable)
                  20010ac8    00000034     nortos_cc32xx.a : startup_cc32xx_ticlang.c.obj (.text.initVectors)
                  20010afc    00000030                     : ClockPSysTick_nortos.c.obj (.text.ClockP_getTicksUntilInterrupt)
                  20010b2c    00000030     driverlib.a : i2c.obj (.text.I2CFIFODataGetNonBlocking)
                  20010b5c    00000030                 : prcm.obj (.text.PRCMLPDSIntervalSet)
                  20010b8c    00000030                 : prcm.obj (.text.PRCMSlowClkCtrFastGet)
                  20010bbc    00000030                 : timer.obj (.text.TimerLoadSet)
                  20010bec    00000030                 : timer.obj (.text.TimerPrescaleSet)
                  20010c1c    00000030     libc.a : snprintf.c.obj (.text._outs)
                  20010c4c    00000030     gpiointerrupt.o (.text.initUART)
                  20010c7c    00000030     drivers_cc32xx.a : PowerCC32XX.c.obj (.text.notify)
                  20010cac    0000002e     driverlib.a : gpio.obj (.text.GPIOIntStatus)
                  20010cda    0000002e     drivers_cc32xx.a : RingBuf.c.obj (.text.RingBuf_getConsume)
                  20010d08    0000002e                      : RingBuf.c.obj (.text.RingBuf_putPointer)
                  20010d36    0000002e     driverlib.a : uart.obj (.text.UARTDisable)
                  20010d64    0000002e     libclang_rt.builtins.a : floatsidf.S.obj (.text.__floatsidf)
                  20010d92    0000002c     driverlib.a : i2c.obj (.text.I2CMasterIntStatusEx)
                  20010dbe    0000002c     drivers_cc32xx.a : UART2CC32XX.c.obj (.text.UART2CC32XX_getRxData)
                  20010dea    0000002a     nortos_cc32xx.a : HwiPCC32XX_nortos.c.obj (.text.HwiP_create)
                  20010e14    0000002a     driverlib.a : prcm.obj (.text.PRCMLPDSWakeUpGPIOSelect)
                  20010e3e    0000002a                 : prcm.obj (.text.PRCMPeripheralClkDisable)
                  20010e68    0000002a                 : uart.obj (.text.UARTIntStatus)
                  20010e92    00000028                 : i2c.obj (.text.I2CMasterBusBusy)
                  20010eba    00000028                 : i2c.obj (.text.I2CMasterSlaveAddrSet)
                  20010ee2    00000028                 : i2c.obj (.text.I2CTxFIFOConfigSet)
                  20010f0a    00000028     drivers_cc32xx.a : I2C.c.obj (.text.I2C_cancel)
                  20010f32    00000028                      : List.c.obj (.text.List_remove)
                  20010f5a    00000028     driverlib.a : prcm.obj (.text.PRCMSRAMRetentionEnable)
                  20010f82    00000002     --HOLE-- [fill = 0]
                  20010f84    00000028     drivers_cc32xx.a : PowerCC32XX.c.obj (.text.PowerCC32XX_getParkState)
                  20010fac    00000028                      : TimerCC32XX.c.obj (.text.TimerSupport_timerDisable)
                  20010fd4    00000028     libc.a : memory.c.obj (.text.free_list_insert)
                  20010ffc    00000024     driverlib.a : i2c.obj (.text.I2CRxFIFOConfigSet)
                  20011020    00000024                 : interrupt.obj (.text.IntUnregister)
                  20011044    00000024     drivers_cc32xx.a : List.c.obj (.text.List_put)
                  20011068    00000024     driverlib.a : prcm.obj (.text.PRCMLPDSWakeupSourceEnable)
                  2001108c    00000024     drivers_cc32xx.a : PowerCC32XX.c.obj (.text.PowerCC32XX_restoreParkState)
                  200110b0    00000024                      : PowerCC32XX.c.obj (.text.PowerCC32XX_restoreParkedPin)
                  200110d4    00000024                      : PowerCC32XX.c.obj (.text.Power_registerNotify)
                  200110f8    00000024                      : UART2CC32XX.c.obj (.text.UART2Support_disableRx)
                  2001111c    00000024     libc.a : boot_cortex_m.c.obj (.text:_c_int00_noargs)
                  20011140    00000022     driverlib.a : gpio.obj (.text.GPIOPinWrite)
                  20011162    00000022                 : pin.obj (.text.PinUnlock)
                  20011184    00000022     drivers_cc32xx.a : RingBuf.c.obj (.text.RingBuf_getPointer)
                  200111a6    00000022                      : UART2CC32XX.c.obj (.text.UART2Support_sendData)
                  200111c8    00000020     driverlib.a : interrupt.obj (.text.IntRegister)
                  200111e8    00000020                 : pin.obj (.text.PinTypeI2C)
                  20011208    00000020     drivers_cc32xx.a : PowerCC32XX.c.obj (.text.PowerCC32XX_reset)
                  20011228    00000020                      : PowerCC32XX.c.obj (.text.Power_unregisterNotify)
                  20011248    00000020     nortos_cc32xx.a : SemaphoreP_nortos.c.obj (.text.SemaphoreP_constructBinary)
                  20011268    00000020                     : SemaphoreP_nortos.c.obj (.text.SemaphoreP_createBinary)
                  20011288    00000020     driverlib.a : timer.obj (.text.TimerDisable)
                  200112a8    0000001e                 : pin.obj (.text.PinTypeUART)
                  200112c6    0000001e     drivers_cc32xx.a : UART2.c.obj (.text.UART2_writeTimeout)
                  200112e4    0000001e     driverlib.a : uart.obj (.text.UARTEnable)
                  20011302    0000001e     libc.a : memccpy.c.obj (.text.memccpy)
                  20011320    0000001e     driverlib.a : udma.obj (.text.uDMAChannelDisable)
                  2001133e    0000001e                 : udma.obj (.text.uDMAChannelEnable)
                  2001135c    0000001e                 : udma.obj (.text.uDMAChannelIsEnabled)
                  2001137a    00000002     --HOLE-- [fill = 0]
                  2001137c    0000001c     drivers_cc32xx.a : GPIO.c.obj (.text.GPIO_setCallback)
                  20011398    0000001c     nortos_cc32xx.a : HwiPCC32XX_nortos.c.obj (.text.HwiP_dispatch)
                  200113b4    0000001c                     : SwiP_nortos.c.obj (.text.SwiP_disable)
                  200113d0    0000001c     libc.a : memory.c.obj (.text.free_list_remove)
                  200113ec    0000001c     drivers_cc32xx.a : TimerCC32XX.c.obj (.text.getPowerMgrId)
                  20011408    0000001c     nortos_cc32xx.a : startup_cc32xx_ticlang.c.obj (.text.resetISR)
                  20011424    0000001a     driverlib.a : gpio.obj (.text.GPIOIntDisable)
                  2001143e    0000001a                 : prcm.obj (.text.PRCMHIBRegRead)
                  20011458    0000001a                 : prcm.obj (.text.PRCMHIBRegWrite)
                  20011472    0000001a                 : prcm.obj (.text.PRCMLPDSWakeupSourceDisable)
                  2001148c    0000001a                 : pin.obj (.text.PinToPadGet)
                  200114a6    0000001a                 : timer.obj (.text.TimerEnable)
                  200114c0    0000001a                 : uart.obj (.text.UARTFlowControlSet)
                  200114da    00000018                 : gpio.obj (.text.GPIOIntEnable)
                  200114f2    00000018     nortos_cc32xx.a : SemaphoreP_nortos.c.obj (.text.SemaphoreP_create)
                  2001150a    00000018     libc.a : snprintf.c.obj (.text._outc)
                  20011522    00000016     ti_drivers_config.o (.text.Board_init)
                  20011538    00000016     driverlib.a : i2c.obj (.text.I2CMasterBurstLengthSet)
                  2001154e    00000016                 : i2c.obj (.text.I2CMasterIntDisableEx)
                  20011564    00000016                 : i2c.obj (.text.I2CRxFIFOFlush)
                  2001157a    00000016                 : i2c.obj (.text.I2CTxFIFOFlush)
                  20011590    00000016                 : systick.obj (.text.SysTickPeriodSet)
                  200115a6    00000016                 : timer.obj (.text.TimerIntDisable)
                  200115bc    00000016                 : uart.obj (.text.UARTCharsAvail)
                  200115d2    00000016                 : uart.obj (.text.UARTDMADisable)
                  200115e8    00000016                 : uart.obj (.text.UARTFIFOLevelSet)
                  200115fe    00000016                 : uart.obj (.text.UARTIntDisable)
                  20011614    00000014                 : cpu.obj (.text.CPUcpsid)
                  20011628    00000014                 : cpu.obj (.text.CPUcpsie)
                  2001163c    00000014     nortos_cc32xx.a : HwiPCC32XX_nortos.c.obj (.text.HwiP_destruct)
                  20011650    00000014     driverlib.a : i2c.obj (.text.I2CMasterIntEnableEx)
                  20011664    00000014                 : interrupt.obj (.text.IntVTableBaseSet)
                  20011678    00000014     drivers_cc32xx.a : PowerCC32XX.c.obj (.text.Power_disablePolicy)
                  2001168c    00000014                      : PowerCC32XX.c.obj (.text.Power_getTransitionLatency)
                  200116a0    00000014                      : PowerCC32XX.c.obj (.text.Power_idleFunc)
                  200116b4    00000014     driverlib.a : timer.obj (.text.TimerIntEnable)
                  200116c8    00000014                 : uart.obj (.text.UARTDMAEnable)
                  200116dc    00000014                 : uart.obj (.text.UARTIntEnable)
                  200116f0    00000014     libclang_rt.builtins.a : aeabi_uldivmod.S.obj (.text.__aeabi_uldivmod)
                  20011704    00000014     driverlib.a : udma.obj (.text.uDMAControlBaseSet)
                  20011718    00000014                 : udma.obj (.text.uDMAIntClear)
                  2001172c    00000012     nortos_cc32xx.a : ClockPSysTick_nortos.c.obj (.text.ClockP_add)
                  2001173e    00000012     driverlib.a : gpio.obj (.text.GPIOIntClear)
                  20011750    00000012     nortos_cc32xx.a : HwiPCC32XX_nortos.c.obj (.text.HwiP_Params_init)
                  20011762    00000012                     : HwiPCC32XX_nortos.c.obj (.text.HwiP_delete)
                  20011774    00000012     driverlib.a : i2c.obj (.text.I2CMasterDisable)
                  20011786    00000012                 : i2c.obj (.text.I2CMasterEnable)
                  20011798    00000012     drivers_cc32xx.a : I2C.c.obj (.text.I2C_transfer)
                  200117aa    00000012     driverlib.a : systick.obj (.text.SysTickEnable)
                  200117bc    00000012                 : systick.obj (.text.SysTickIntDisable)
                  200117ce    00000012                 : systick.obj (.text.SysTickIntEnable)
                  200117e0    00000012     drivers_cc32xx.a : UDMACC32XX.c.obj (.text.postNotifyFxn)
                  200117f2    00000012     libc.a : memcpy_t2.S.obj (.text:TI_memcpy_small)
                  20011804    00000010     nortos_cc32xx.a : ClockPSysTick_nortos.c.obj (.text.ClockP_getCpuFreq)
                  20011814    00000010                     : ClockPSysTick_nortos.c.obj (.text.ClockP_getSystemTicks)
                  20011824    00000010                     : ClockPSysTick_nortos.c.obj (.text.ClockP_setTicks)
                  20011834    00000010                     : HwiPCC32XX_nortos.c.obj (.text.HwiP_inISR)
                  20011844    00000010     driverlib.a : i2c.obj (.text.I2CMasterControl)
                  20011854    00000010                 : i2c.obj (.text.I2CMasterIntClearEx)
                  20011864    00000010                 : i2c.obj (.text.I2CMasterTimeoutSet)
                  20011874    00000010     drivers_cc32xx.a : PowerCC32XX.c.obj (.text.Power_enablePolicy)
                  20011884    00000010                      : RingBuf.c.obj (.text.RingBuf_construct)
                  20011894    00000010     driverlib.a : timer.obj (.text.TimerIntClear)
                  200118a4    00000010     drivers_cc32xx.a : Timer.c.obj (.text.Timer_Params_init)
                  200118b4    00000010                      : UART2CC32XX.c.obj (.text.UART2Support_txDone)
                  200118c4    00000010     driverlib.a : uart.obj (.text.UARTBusy)
                  200118d4    00000010                 : uart.obj (.text.UARTIntClear)
                  200118e4    00000010                 : uart.obj (.text.UARTRxErrorGet)
                  200118f4    00000010     main_nortos.o (.text.main)
                  20011904    00000010     libc.a : wcslen.c.obj (.text.wcslen)
                  20011914    00000010            : copy_zero_init.c.obj (.text:decompress:ZI)
                  20011924    0000000e     nortos_cc32xx.a : HwiPCC32XX_nortos.c.obj (.text.HwiP_interruptsEnabled)
                  20011932    0000000e     driverlib.a : i2c.obj (.text.I2CFIFOStatus)
                  20011940    0000000e     drivers_cc32xx.a : UART2.c.obj (.text.UART2_write)
                  2001194e    0000000e     libc.a : _printfi.c.obj (.text.strlen)
                  2001195c    0000000e     driverlib.a : udma.obj (.text.uDMAEnable)
                  2001196a    0000000e                 : udma.obj (.text.uDMAErrorStatusClear)
                  20011978    0000000e     libc.a : memset_t2.S.obj (.text:TI_memset_small)
                  20011986    0000000e            : copy_decompress_none.c.obj (.text:decompress:none)
                  20011994    0000000c     driverlib.a : cpu.obj (.text.CPUwfi)
                  200119a0    0000000c     drivers_cc32xx.a : I2CCC32XX.c.obj (.text.I2CCC32XX_postNotify)
                  200119ac    0000000c                      : I2C.c.obj (.text.I2C_Params_init)
                  200119b8    0000000c                      : I2CCC32XX.c.obj (.text.OUTLINED_FUNCTION_0)
                  200119c4    0000000c                      : UART2CC32XX.c.obj (.text.OUTLINED_FUNCTION_0)
                  200119d0    0000000c     driverlib.a : prcm.obj (.text.PRCMLPDSWakeupCauseGet)
                  200119dc    0000000c     drivers_cc32xx.a : PowerCC32XX.c.obj (.text.Power_getConstraintMask)
                  200119e8    0000000c                      : UART2CC32XX.c.obj (.text.UART2CC32XX_postNotifyFxn)
                  200119f4    0000000c                      : UART2CC32XX.c.obj (.text.UART2Support_disableTx)
                  20011a00    0000000c                      : UART2CC32XX.c.obj (.text.UART2Support_enableTx)
                  20011a0c    0000000c                      : UART2.c.obj (.text.UART2_Params_init)
                  20011a18    0000000c     gpiointerrupt.o (.text.gpioButtonFxn0)
                  20011a24    0000000c     gpiointerrupt.o (.text.gpioButtonFxn1)
                  20011a30    0000000c     drivers_cc32xx.a : TimerCC32XX.c.obj (.text.postNotifyFxn)
                  20011a3c    0000000c     gpiointerrupt.o (.text.timerCallback)
                  20011a48    0000000c     driverlib.a : udma.obj (.text.uDMAErrorStatusGet)
                  20011a54    0000000a                 : cpu.obj (.text.CPUprimask)
                  20011a5e    0000000a     nortos_cc32xx.a : ClockPSysTick_nortos.c.obj (.text.ClockP_isActive)
                  20011a68    0000000a     driverlib.a : interrupt.obj (.text.IntMasterDisable)
                  20011a72    0000000a                 : interrupt.obj (.text.IntMasterEnable)
                  20011a7c    0000000a     drivers_cc32xx.a : UART2CC32XX.c.obj (.text.OUTLINED_FUNCTION_1)
                  20011a86    0000000a                      : UART2CC32XX.c.obj (.text.OUTLINED_FUNCTION_2)
                  20011a90    0000000a     libclang_rt.builtins.a : aeabi_memset.S.obj (.text.__aeabi_memset)
                  20011a9a    0000000a     ti_drivers_config.o (.text.dmaErrorFxn)
                  20011aa4    00000008     nortos_cc32xx.a : HwiPCC32XX_nortos.c.obj (.text.HwiP_disable)
                  20011aac    00000008                     : HwiPCC32XX_nortos.c.obj (.text.HwiP_restore)
                  20011ab4    00000008     drivers_cc32xx.a : I2CCC32XX.c.obj (.text.I2CCC32XX_blockingCallback)
                  20011abc    00000008                      : I2CCC32XX.c.obj (.text.I2CSupport_controllerFinish)
                  20011ac4    00000008     driverlib.a : prcm.obj (.text.PRCMSleepEnter)
                  20011acc    00000008                 : utils.obj (.text.UtilsDelay)
                  20011ad4    00000008     libc.a : aeabi_portable.c.obj (.text.__aeabi_errno_addr)
                  20011adc    00000008     libclang_rt.builtins.a : aeabi_memset.S.obj (.text.__aeabi_memclr)
                  20011ae4    00000008     libc.a : memory.c.obj (.text.malloc)
                  20011aec    00000006     drivers_cc32xx.a : I2CCC32XX.c.obj (.text.I2CSupport_powerRelConstraint)
                  20011af2    00000006                      : I2CCC32XX.c.obj (.text.I2CSupport_powerSetConstraint)
                  20011af8    00000006     gpiointerrupt.o (.text.OUTLINED_FUNCTION_0)
                  20011afe    00000006     drivers_cc32xx.a : UART2CC32XX.c.obj (.text.UART2Support_powerRelConstraint)
                  20011b04    00000004     nortos_cc32xx.a : HwiPCC32XX_nortos.c.obj (.text.HwiP_clearInterrupt)
                  20011b08    00000004                     : HwiPCC32XX_nortos.c.obj (.text.HwiP_disableInterrupt)
                  20011b0c    00000004                     : HwiPCC32XX_nortos.c.obj (.text.HwiP_enable)
                  20011b10    00000004                     : HwiPCC32XX_nortos.c.obj (.text.HwiP_enableInterrupt)
                  20011b14    00000004                     : HwiPCC32XX_nortos.c.obj (.text.HwiP_post)
                  20011b18    00000004     driverlib.a : interrupt.obj (.text.IntDefaultHandler)
                  20011b1c    00000004     nortos_cc32xx.a : NoRTOS.c.obj (.text.NoRTOS_start)
                  20011b20    00000004     drivers_cc32xx.a : RingBuf.c.obj (.text.RingBuf_getCount)
                  20011b24    00000004     nortos_cc32xx.a : SemaphoreP_nortos.c.obj (.text.SemaphoreP_delete)
                  20011b28    00000004     libclang_rt.builtins.a : aeabi_memcpy.S.obj (.text.__aeabi_memcpy)
                  20011b2c    00000004     libc.a : pre_init.c.obj (.text._system_pre_init)
                  20011b30    00000004            : exit.c.obj (.text:abort)

.ramVecs   0    20000000    0000030c     NOLOAD SECTION
                  20000000    0000030c     nortos_cc32xx.a : startup_cc32xx_ticlang.c.obj (.ramVecs)

.stack     0    20003000    00001000     UNINITIALIZED
                  20003000    00000004     libc.a : boot_cortex_m.c.obj (.stack)
                  20003004    00000ffc     --HOLE--

.resetVecs 
*          0    20004000    00000040     
                  20004000    00000040     nortos_cc32xx.a : startup_cc32xx_ticlang.c.obj (.resetVecs)

.sysmem    0    20004040    00008000     UNINITIALIZED
                  20004040    00000010     libc.a : memory.c.obj (.sysmem)
                  20004050    00007ff0     --HOLE--

.bss       0    20011c00    00000a13     UNINITIALIZED
                  20011c00    00000400     ti_drivers_config.o (.bss.dmaControlTable)
                  20012000    00000178     (.common:uart2CC32XXObjects0)
                  20012178    0000012c     (.common:PowerCC32XX_contextSave)
                  200122a4    000000fc     (.common:i2cCC32XXObjects)
                  200123a0    00000084     (.common:gpioCallbackFunctions)
                  20012424    00000084     (.common:gpioUserArgs)
                  200124a8    00000084     (.common:timerCC32XXObjects)
                  2001252c    00000040     (.common:output)
                  2001256c    00000020     ti_drivers_config.o (.bss.uart2RxRingBuffer0)
                  2001258c    00000020     ti_drivers_config.o (.bss.uart2TxRingBuffer0)
                  200125ac    00000020     (.common:i2cTransaction)
                  200125cc    00000014     drivers_cc32xx.a : UDMACC32XX.c.obj (.bss.postNotifyObj)
                  200125e0    00000010     (.common:ClockP_ctrl)
                  200125f0    00000008     (.common:udmaCC3220SObject)
                  200125f8    00000004     nortos_cc32xx.a : ClockPSysTick_nortos.c.obj (.bss.sysTickPeriod)
                  200125fc    00000004     libc.a : memory.c.obj (.bss.sys_free)
                  20012600    00000004     drivers_cc32xx.a : TimerCC32XX.c.obj (.bss.timerState.0)
                  20012604    00000004     (.common:i2c)
                  20012608    00000004     (.common:timer0)
                  2001260c    00000004     (.common:uart)
                  20012610    00000002     (.common:rxBuffer)
                  20012612    00000001     (.common:txBuffer)

.rodata    0    20012620    000006c5     
                  20012620    00000101     libc.a : aeabi_ctype.S.obj (.rodata:__aeabi_ctype_table_)
                  20012721    00000002     drivers_cc32xx.a : UART2CC32XX.c.obj (.rodata.stopBits)
                  20012723    00000001     ti_drivers_config.o (.rodata.GPIO_pinUpperBound)
                  20012724    00000100     driverlib.a : pin.obj (.rodata.g_ulPinToPadMap)
                  20012824    000000d4                 : interrupt.obj (.rodata.g_pulRegs)
                  200128f8    000000a8                 : prcm.obj (.rodata.PRCM_PeriphRegsList)
                  200129a0    00000048     gpiointerrupt.o (.rodata.str1.117259490511853709771)
                  200129e8    00000044     ti_drivers_config.o (.rodata.PowerCC32XX_config)
                  20012a2c    00000038     ti_drivers_config.o (.rodata.uart2CC32XXHWAttrs0)
                  20012a64    00000032     gpiointerrupt.o (.rodata.str1.59672170090002130734)
                  20012a96    00000001     ti_drivers_config.o (.rodata.I2C_count)
                  20012a97    00000001     ti_drivers_config.o (.rodata.Timer_count)
                  20012a98    00000028     drivers_cc32xx.a : GPIOCC32XX.c.obj (.rodata.portConfigs)
                  20012ac0    00000028     gpiointerrupt.o (.rodata.str1.2552335557485402981)
                  20012ae8    00000024     drivers_cc32xx.a : UART2.c.obj (.rodata.UART2_defaultParams)
                  20012b0c    00000021                      : GPIOCC32XX.c.obj (.rodata.pinTable)
                  20012b2d    00000021     gpiointerrupt.o (.rodata.str1.172639838942318644741)
                  20012b4e    00000001     ti_drivers_config.o (.rodata.UART2_count)
                  20012b4f    00000001     --HOLE-- [fill = 0]
                  20012b50    0000001b     gpiointerrupt.o (.rodata.str1.119337933097536889414)
                  20012b6b    00000001     --HOLE-- [fill = 0]
                  20012b6c    00000018     driverlib.a : interrupt.obj (.rodata.g_pulDisRegs)
                  20012b84    00000018                 : interrupt.obj (.rodata.g_pulEnRegs)
                  20012b9c    00000018                 : interrupt.obj (.rodata.g_pulPendRegs)
                  20012bb4    00000018                 : interrupt.obj (.rodata.g_pulUnpendRegs)
                  20012bcc    00000018     gpiointerrupt.o (.rodata.sensors)
                  20012be4    00000016     gpiointerrupt.o (.rodata.str1.88141095010518599421)
                  20012bfa    00000002     --HOLE-- [fill = 0]
                  20012bfc    00000014     ti_drivers_config.o (.rodata.i2cCC32XXHWAttrs)
                  20012c10    00000011     libc.a : _printfi.c.obj (.rodata.str1.11645776875810915891)
                  20012c21    00000011            : _printfi.c.obj (.rodata.str1.44690500295887128011)
                  20012c32    00000002     --HOLE-- [fill = 0]
                  20012c34    00000010     ti_drivers_config.o (.rodata.GPIO_config)
                  20012c44    00000010     drivers_cc32xx.a : I2CCC32XX.c.obj (.rodata.cst16)
                  20012c54    00000010     ti_drivers_config.o (.rodata.timerCC32XXHWAttrs)
                  20012c64    0000000d     gpiointerrupt.o (.rodata.str1.8099049698717124711)
                  20012c71    00000003     --HOLE-- [fill = 0]
                  20012c74    0000000c     drivers_cc32xx.a : Timer.c.obj (.rodata.defaultParams)
                  20012c80    0000000c                      : TimerCC32XX.c.obj (.rodata.defaultParams)
                  20012c8c    0000000c     ti_drivers_config.o (.rodata.udmaCC3220SHWAttrs)
                  20012c98    00000009     gpiointerrupt.o (.rodata.str1.149745159178111864794)
                  20012ca1    00000003     --HOLE-- [fill = 0]
                  20012ca4    00000009     gpiointerrupt.o (.rodata.str1.27667157146944505614)
                  20012cad    00000003     --HOLE-- [fill = 0]
                  20012cb0    00000008     ti_drivers_config.o (.rodata.I2C_config)
                  20012cb8    00000008     ti_drivers_config.o (.rodata.Timer_config)
                  20012cc0    00000008     ti_drivers_config.o (.rodata.UART2_config)
                  20012cc8    00000008     ti_drivers_config.o (.rodata.UDMACC32XX_config)
                  20012cd0    00000005     drivers_cc32xx.a : UART2CC32XX.c.obj (.rodata.parityType)
                  20012cd5    00000004                      : UART2CC32XX.c.obj (.rodata.cst4)
                  20012cd9    00000004     gpiointerrupt.o (.rodata.str1.48557138690711581961)
                  20012cdd    00000004     gpiointerrupt.o (.rodata.str1.75752999448730089091)
                  20012ce1    00000004     gpiointerrupt.o (.rodata.str1.99899187528894583921)

.cinit     0    20013388    000000f8     
                  20013388    000000d1     (.cinit..data.load) [load image, compression = lzss]
                  20013459    00000003     --HOLE-- [fill = 0]
                  2001345c    0000000c     (__TI_handler_table)
                  20013468    00000008     (.cinit..bss.load) [load image, compression = zero_init]
                  20013470    00000010     (__TI_cinit_table)

.init_array 
*          0    20004000    00000000     UNINITIALIZED

.data      0    20012ce8    0000069d     UNINITIALIZED
                  20012ce8    0000030c     nortos_cc32xx.a : HwiPCC32XX_nortos.c.obj (.data.HwiP_dispatchTable)
                  20012ff4    0000016c     drivers_cc32xx.a : PowerCC32XX.c.obj (.data.PowerCC32XX_module)
                  20013160    000000f8     ti_drivers_config.o (.data.parkInfo)
                  20013258    00000084     ti_drivers_config.o (.data.gpioPinConfigs)
                  200132dc    0000004c     nortos_cc32xx.a : SwiP_nortos.c.obj (.data..L_MergedGlobals)
                  20013328    00000018     drivers_cc32xx.a : GPIOCC32XX.c.obj (.data..L_MergedGlobals)
                  20013340    00000010     gpiointerrupt.o (.data..L_MergedGlobals)
                  20013350    00000010     nortos_cc32xx.a : SemaphoreP_nortos.c.obj (.data..L_MergedGlobals)
                  20013360    00000008     drivers_cc32xx.a : UDMACC32XX.c.obj (.data..L_MergedGlobals)
                  20013368    00000008     nortos_cc32xx.a : ClockPSysTick_nortos.c.obj (.data..L_MergedGlobals)
                  20013370    00000004                     : HwiPCC32XX_nortos.c.obj (.data.HwiP_swiPIntNum)
                  20013374    00000004     libc.a : aeabi_portable.c.obj (.data.__aeabi_errno)
                  20013378    00000004            : _lock.c.obj (.data._lock)
                  2001337c    00000004            : _lock.c.obj (.data._unlock)
                  20013380    00000001     drivers_cc32xx.a : GPIOCC32XX.c.obj (.data.initCalled)
                  20013381    00000001                      : GPIOCC32XX.c.obj (.data.portHwiCreatedBitMask)
                  20013382    00000002     --HOLE--
                  20013384    00000001     libc.a : memory.c.obj (.data.memory_is_initialized)

.log_data 
*          0    90000000    00000000     COPY SECTION

.log_ptr   0    94000008    00000000     COPY SECTION

__llvm_prf_cnts 
*          0    20004000    00000000     UNINITIALIZED

__llvm_prf_bits 
*          0    20004000    00000000     UNINITIALIZED

MODULE SUMMARY

       Module                         code    ro data   rw data
       ------                         ----    -------   -------
    .\
       gpiointerrupt.o                994     311       127    
       main_nortos.o                  16      0         0      
    +--+------------------------------+-------+---------+---------+
       Total:                         1010    311       127    
                                                               
    .\syscfg\
       ti_drivers_config.o            34      224       2500   
    +--+------------------------------+-------+---------+---------+
       Total:                         34      224       2500   
                                                               
    C:/ti/simplelink_cc32xx_sdk_7_10_00_13/kernel/nortos/lib/ticlang/m4/nortos_cc32xx.a
       HwiPCC32XX_nortos.c.obj        308     0         784    
       startup_cc32xx_ticlang.c.obj   88      64        780    
       ClockPSysTick_nortos.c.obj     524     0         28     
       SemaphoreP_nortos.c.obj        392     0         16     
       PowerCC32XX_nortos.c.obj       404     0         0      
       SwiP_nortos.c.obj              84      0         76     
       NoRTOS.c.obj                   4       0         0      
    +--+------------------------------+-------+---------+---------+
       Total:                         1804    64        1684   
                                                               
    C:/ti/simplelink_cc32xx_sdk_7_10_00_13/source/ti/devices/cc32xx/driverlib/ticlang/Release/driverlib.a
       prcm.obj                       2564    168       0      
       interrupt.obj                  868     308       0      
       pin.obj                        750     256       0      
       udma.obj                       806     0         0      
       i2c.obj                        658     0         0      
       uart.obj                       490     0         0      
       gpio.obj                       388     0         0      
       timer.obj                      278     0         0      
       flash.obj                      92      0         0      
       systick.obj                    76      0         0      
       cpu.obj                        62      0         0      
       utils.obj                      8       0         0      
    +--+------------------------------+-------+---------+---------+
       Total:                         7040    732       0      
                                                               
    C:/ti/simplelink_cc32xx_sdk_7_10_00_13/source/ti/drivers/lib/ticlang/m4/drivers_cc32xx.a
       PowerCC32XX.c.obj              2052    0         664    
       UART2CC32XX.c.obj              2198    11        0      
       I2CCC32XX.c.obj                1242    16        0      
       GPIOCC32XX.c.obj               960     73        26     
       TimerCC32XX.c.obj              880     12        4      
       UART2.c.obj                    762     36        0      
       I2C.c.obj                      366     0         0      
       RingBuf.c.obj                  272     0         0      
       UDMACC32XX.c.obj               242     0         28     
       Timer.c.obj                    150     12        0      
       PowerCC32XX_ticlang.asm.obj    150     0         0      
       List.c.obj                     76      0         0      
       GPIO.c.obj                     28      0         0      
    +--+------------------------------+-------+---------+---------+
       Total:                         9378    160       722    
                                                               
    C:\ti\ccs1271\ccs\tools\compiler\ti-cgt-armllvm_3.2.2.LTS\lib\armv7em-ti-none-eabi/c/libc.a
       _printfi.c.obj                 2170    34        0      
       memory.c.obj                   712     0         5      
       aeabi_ctype.S.obj              0       257       0      
       snprintf.c.obj                 140     0         0      
       copy_decompress_lzss.c.obj     112     0         0      
       atoi.c.obj                     64      0         0      
       autoinit.c.obj                 56      0         0      
       boot_cortex_m.c.obj            36      0         0      
       memccpy.c.obj                  30      0         0      
       memcpy_t2.S.obj                18      0         0      
       copy_zero_init.c.obj           16      0         0      
       wcslen.c.obj                   16      0         0      
       copy_decompress_none.c.obj     14      0         0      
       memset_t2.S.obj                14      0         0      
       aeabi_portable.c.obj           8       0         4      
       _lock.c.obj                    2       0         8      
       exit.c.obj                     4       0         0      
       pre_init.c.obj                 4       0         0      
    +--+------------------------------+-------+---------+---------+
       Total:                         3416    291       17     
                                                               
    C:\ti\ccs1271\ccs\tools\compiler\ti-cgt-armllvm_3.2.2.LTS\lib\clang/15.0.7/lib/armv7em-ti-none-eabi/libclang_rt.builtins.a
       muldf3.S.obj                   252     0         0      
       udivmoddi4.S.obj               176     0         0      
       fixdfsi.S.obj                  72      0         0      
       floatsidf.S.obj                46      0         0      
       aeabi_uldivmod.S.obj           20      0         0      
       aeabi_memset.S.obj             18      0         0      
       aeabi_memcpy.S.obj             4       0         0      
       aeabi_div0.c.obj               2       0         0      
    +--+------------------------------+-------+---------+---------+
       Total:                         590     0         0      
                                                               
       Heap:                          0       0         32768  
       Stack:                         0       0         4096   
       Linker Generated:              0       245       0      
    +--+------------------------------+-------+---------+---------+
       Grand Total:                   23272   2027      41914  


LINKER GENERATED COPY TABLES

__TI_cinit_table @ 20013470 records: 2, size/record: 8, table size: 16
	.data: load addr=20013388, load size=000000d1 bytes, run addr=20012ce8, run size=0000069d bytes, compression=lzss
	.bss: load addr=20013468, load size=00000008 bytes, run addr=20011c00, run size=00000a13 bytes, compression=zero_init


LINKER GENERATED HANDLER TABLE

__TI_handler_table @ 2001345c records: 3, size/record: 4, table size: 12
	index: 0, handler: __TI_decompress_lzss
	index: 1, handler: __TI_decompress_none
	index: 2, handler: __TI_zero_init


GLOBAL SYMBOLS: SORTED ALPHABETICALLY BY Name 

address   name                             
-------   ----                             
20011523  Board_init                       
2000d36b  Board_initHook                   
20011b30  C$$EXIT                          
20011615  CPUcpsid                         
20011629  CPUcpsie                         
20011a55  CPUprimask                       
20011995  CPUwfi                           
2001172d  ClockP_add                       
200125e0  ClockP_ctrl                      
20010769  ClockP_destruct                  
2000ef7d  ClockP_doTick                    
20011805  ClockP_getCpuFreq                
20011815  ClockP_getSystemTicks            
20010afd  ClockP_getTicksUntilInterrupt    
20011a5f  ClockP_isActive                  
20011825  ClockP_setTicks                  
2001095d  ClockP_start                     
2000fb5d  ClockP_startup                   
200106b5  ClockP_stop                      
20010011  ClockP_sysTickHandler            
2001336c  ClockP_tickPeriod                
2000f991  FlashDisable                     
2001024b  GPIODirModeSet                   
2001173f  GPIOIntClear                     
20011425  GPIOIntDisable                   
200114db  GPIOIntEnable                    
20010cad  GPIOIntStatus                    
2000eb19  GPIOIntTypeSet                   
20011141  GPIOPinWrite                     
20012c34  GPIO_config                      
20010291  GPIO_disableInt                  
200102d5  GPIO_enableInt                   
2000fd0d  GPIO_hwiIntFxn                   
2000f0a9  GPIO_init                        
20012723  GPIO_pinUpperBound               
2001137d  GPIO_setCallback                 
2000dad1  GPIO_setConfig                   
2000fe4d  GPIO_setInterruptConfig          
2000f8d1  GPIO_write                       
20011751  HwiP_Params_init                 
20011b05  HwiP_clearInterrupt              
2000f345  HwiP_construct                   
20010deb  HwiP_create                      
20011763  HwiP_delete                      
2001163d  HwiP_destruct                    
20011aa5  HwiP_disable                     
20011b09  HwiP_disableInterrupt            
20011399  HwiP_dispatch                    
20011b0d  HwiP_enable                      
20011b11  HwiP_enableInterrupt             
20011835  HwiP_inISR                       
20011925  HwiP_interruptsEnabled           
20011b15  HwiP_post                        
20011aad  HwiP_restore                     
20013370  HwiP_swiPIntNum                  
20010b2d  I2CFIFODataGetNonBlocking        
20010991  I2CFIFODataPutNonBlocking        
20011933  I2CFIFOStatus                    
20011539  I2CMasterBurstLengthSet          
20010e93  I2CMasterBusBusy                 
20011845  I2CMasterControl                 
20011775  I2CMasterDisable                 
20011787  I2CMasterEnable                  
2000ee4b  I2CMasterInitExpClk              
20011855  I2CMasterIntClearEx              
2001154f  I2CMasterIntDisableEx            
20011651  I2CMasterIntEnableEx             
20010d93  I2CMasterIntStatusEx             
20010ebb  I2CMasterSlaveAddrSet            
20011865  I2CMasterTimeoutSet              
20010ffd  I2CRxFIFOConfigSet               
20011565  I2CRxFIFOFlush                   
20011abd  I2CSupport_controllerFinish      
20011aed  I2CSupport_powerRelConstraint    
20011af3  I2CSupport_powerSetConstraint    
2000f9ed  I2CSupport_primeTransfer         
20010ee3  I2CTxFIFOConfigSet               
2001157b  I2CTxFIFOFlush                   
200119ad  I2C_Params_init                  
20010f0b  I2C_cancel                       
20012cb0  I2C_config                       
20012a96  I2C_count                        
2000de6f  I2C_init                         
2000e4c1  I2C_open                         
20011799  I2C_transfer                     
2000dd49  I2C_transferTimeout              
UNDEFED   ITM_flush                        
UNDEFED   ITM_restore                      
2000e75d  IntDisable                       
2000e825  IntEnable                        
20011a69  IntMasterDisable                 
20011a73  IntMasterEnable                  
2000f801  IntPendClear                     
2000ebc5  IntPendSet                       
2000fbb5  IntPrioritySet                   
200111c9  IntRegister                      
20011021  IntUnregister                    
20011665  IntVTableBaseSet                 
20011045  List_put                         
20010f33  List_remove                      
20011b1d  NoRTOS_start                     
2000c8ad  PRCMCC3200MCUInit                
2001143f  PRCMHIBRegRead                   
20011459  PRCMHIBRegWrite                  
2000f3b9  PRCMHibernateWakeUpGPIOSelect    
2000fa49  PRCMHibernateWakeupSourceDisable 
2000fd5d  PRCMHibernateWakeupSourceEnable  
20010059  PRCMIntEnable                    
2000fc0d  PRCMLPDSEnter                    
200101bf  PRCMLPDSEnterKeepDebugIf         
20010b5d  PRCMLPDSIntervalSet              
2000fe99  PRCMLPDSRestoreInfoSet           
20010e15  PRCMLPDSWakeUpGPIOSelect         
200119d1  PRCMLPDSWakeupCauseGet           
20011473  PRCMLPDSWakeupSourceDisable      
20011069  PRCMLPDSWakeupSourceEnable       
20010e3f  PRCMPeripheralClkDisable         
2000fb01  PRCMPeripheralClkEnable          
2000f72d  PRCMPeripheralReset              
200100a1  PRCMPeripheralStatusGet          
20010f5b  PRCMSRAMRetentionEnable          
20011ac5  PRCMSleepEnter                   
20010b8d  PRCMSlowClkCtrFastGet            
2000f139  PRCMSysResetCauseGet             
200100e9  PinConfigGet                     
2000ed0d  PinConfigSet                     
200109c5  PinDirModeGet                    
20010675  PinDirModeSet                    
200108b9  PinLock                          
2000f511  PinLockLevelSet                  
200109f9  PinModeGet                       
2001046d  PinModeSet                       
2001148d  PinToPadGet                      
200111e9  PinTypeI2C                       
200112a9  PinTypeUART                      
20011163  PinUnlock                        
200129e8  PowerCC32XX_config               
2000f1c9  PowerCC32XX_configureWakeup      
20012178  PowerCC32XX_contextSave          
2000ef81  PowerCC32XX_enterLPDS            
20010f85  PowerCC32XX_getParkState         
2000e0ab  PowerCC32XX_initPolicy           
20012ff4  PowerCC32XX_module               
20010a2d  PowerCC32XX_parkPin              
20011209  PowerCC32XX_reset                
2001108d  PowerCC32XX_restoreParkState     
200110b1  PowerCC32XX_restoreParkedPin     
2000efc5  PowerCC32XX_resumeLPDS           
2000fc65  PowerCC32XX_setParkState         
2000d839  PowerCC32XX_sleepPolicy          
20011679  Power_disablePolicy              
20011875  Power_enablePolicy               
200119dd  Power_getConstraintMask          
2001168d  Power_getTransitionLatency       
200116a1  Power_idleFunc                   
2000f2cd  Power_init                       
200110d5  Power_registerNotify             
20010319  Power_releaseConstraint          
2000fcb9  Power_releaseDependency          
200107a1  Power_setConstraint              
2000f57d  Power_setDependency              
2000cd65  Power_sleep                      
20011229  Power_unregisterNotify           
20011885  RingBuf_construct                
20010cdb  RingBuf_getConsume               
20011b21  RingBuf_getCount                 
20011185  RingBuf_getPointer               
20010205  RingBuf_put                      
200107d9  RingBuf_putAdvance               
20010d09  RingBuf_putPointer               
2000fdad  SemaphoreP_construct             
20011249  SemaphoreP_constructBinary       
200114f3  SemaphoreP_create                
20011269  SemaphoreP_createBinary          
20013358  SemaphoreP_defaultParams         
20011b25  SemaphoreP_delete                
2000e2d3  SemaphoreP_destruct              
2000eee5  SemaphoreP_pend                  
20010575  SemaphoreP_post                  
200113b5  SwiP_disable                     
20010811  SwiP_restore                     
200117ab  SysTickEnable                    
200117bd  SysTickIntDisable                
200117cf  SysTickIntEnable                 
20011591  SysTickPeriodSet                 
200117f3  TI_memcpy_small                  
20011979  TI_memset_small                  
2000faa5  TimerCC32XX_allocateTimerResource
20010a61  TimerCC32XX_freeTimerResource    
200104af  TimerControlStall                
20011289  TimerDisable                     
200114a7  TimerEnable                      
20013340  TimerFlag                        
20011895  TimerIntClear                    
200115a7  TimerIntDisable                  
200116b5  TimerIntEnable                   
20010bbd  TimerLoadSet                     
20010bed  TimerPrescaleSet                 
20010fad  TimerSupport_timerDisable        
2001072d  TimerSupport_timerEnable         
200118a5  Timer_Params_init                
200104f1  Timer_close                      
20012cb8  Timer_config                     
20012a97  Timer_count                      
2000eee3  Timer_init                       
2000d989  Timer_open                       
2001035d  Timer_start                      
200105b5  Timer_stop                       
200110f9  UART2Support_disableRx           
200119f5  UART2Support_disableTx           
2000e691  UART2Support_dmaStartRx          
2000e9b1  UART2Support_dmaStartTx          
2000ff31  UART2Support_dmaStopRx           
2000f931  UART2Support_dmaStopTx           
20011a01  UART2Support_enableTx            
20011aff  UART2Support_powerRelConstraint  
200111a7  UART2Support_sendData            
200118b5  UART2Support_txDone              
20011a0d  UART2_Params_init                
2000e5a9  UART2_close                      
20012cc0  UART2_config                     
20012b4e  UART2_count                      
20012ae8  UART2_defaultParams              
2000d36d  UART2_open                       
20010a95  UART2_rxDisable                  
20011941  UART2_write                      
200112c7  UART2_writeTimeout               
2000d6c5  UART2_writeTimeoutBlocking       
2000df91  UART2_writeTimeoutNonblocking    
200118c5  UARTBusy                         
20010925  UARTCharPutNonBlocking           
200115bd  UARTCharsAvail                   
2000f42d  UARTConfigSetExpClk              
200115d3  UARTDMADisable                   
200116c9  UARTDMAEnable                    
20010d37  UARTDisable                      
200112e5  UARTEnable                       
200115e9  UARTFIFOLevelSet                 
200114c1  UARTFlowControlSet               
200118d5  UARTIntClear                     
200115ff  UARTIntDisable                   
200116dd  UARTIntEnable                    
20010e69  UARTIntStatus                    
200118e5  UARTRxErrorGet                   
20010849  UDMACC32XX_close                 
20012cc8  UDMACC32XX_config                
200106f1  UDMACC32XX_init                  
2000f5e9  UDMACC32XX_open                  
20011acd  UtilsDelay                       
20004000  __STACK_END                      
00001000  __STACK_SIZE                     
00008000  __SYSMEM_SIZE                    
00000000  __TI_ATRegion0_region_sz         
00000000  __TI_ATRegion0_src_addr          
00000000  __TI_ATRegion0_trg_addr          
00000000  __TI_ATRegion1_region_sz         
00000000  __TI_ATRegion1_src_addr          
00000000  __TI_ATRegion1_trg_addr          
00000000  __TI_ATRegion2_region_sz         
00000000  __TI_ATRegion2_src_addr          
00000000  __TI_ATRegion2_trg_addr          
20013470  __TI_CINIT_Base                  
20013480  __TI_CINIT_Limit                 
20013480  __TI_CINIT_Warm                  
2001345c  __TI_Handler_Table_Base          
20013468  __TI_Handler_Table_Limit         
20010881  __TI_auto_init_nobinit_nopinit   
2000f4a1  __TI_decompress_lzss             
20011987  __TI_decompress_none             
ffffffff  __TI_pprof_out_hndl              
2000c041  __TI_printfi_nofloat             
ffffffff  __TI_prof_data_size              
ffffffff  __TI_prof_data_start             
20013388  __TI_static_base__               
20011915  __TI_zero_init                   
20012620  __aeabi_ctype_table_             
20012620  __aeabi_ctype_table_C            
20010131  __aeabi_d2iz                     
2000e2d5  __aeabi_dmul                     
20013374  __aeabi_errno                    
20011ad5  __aeabi_errno_addr               
20010d65  __aeabi_i2d                      
2000f2cb  __aeabi_ldiv0                    
20011add  __aeabi_memclr                   
20011add  __aeabi_memclr4                  
20011add  __aeabi_memclr8                  
20011b29  __aeabi_memcpy                   
20011b29  __aeabi_memcpy4                  
20011b29  __aeabi_memcpy8                  
20011a91  __aeabi_memset                   
20011a91  __aeabi_memset4                  
20011a91  __aeabi_memset8                  
200116f1  __aeabi_uldivmod                 
ffffffff  __binit__                        
20010131  __fixdfsi                        
20010d65  __floatsidf                      
UNDEFED   __mpu_init                       
2000e2d5  __muldf3                         
20003000  __stack                          
20004000  __start___llvm_prf_bits          
20004000  __start___llvm_prf_cnts          
20004000  __stop___llvm_prf_bits           
20004000  __stop___llvm_prf_cnts           
2000ea69  __udivmoddi4                     
2001111d  _c_int00_noargs                  
20013378  _lock                            
2000f797  _nop                             
20004040  _sys_memory                      
UNDEFED   _system_post_cinit               
20011b2d  _system_pre_init                 
2001337c  _unlock                          
20011b31  abort                            
2000de71  aligned_alloc                    
200105f5  atoi                             
ffffffff  binit                            
2001334c  bytesWritten                     
2000fb5b  clkFxn                           
2000e3d1  free                             
20011a19  gpioButtonFxn0                   
20011a25  gpioButtonFxn1                   
200123a0  gpioCallbackFunctions            
20013258  gpioPinConfigs                   
20012424  gpioUserArgs                     
20012604  i2c                              
20012bfc  i2cCC32XXHWAttrs                 
200122a4  i2cCC32XXObjects                 
200125ac  i2cTransaction                   
2000d539  initI2C                          
200103e5  initTimer                        
20010c4d  initUART                         
20010ac9  initVectors                      
20013344  leftButton                       
200118f5  main                             
2000e0ad  mainThread                       
20011ae5  malloc                           
2000de71  memalign                         
20011303  memccpy                          
2001252c  output                           
20013160  parkInfo                         
2000ec69  readTemp                         
20011409  resetISR                         
20013348  rightButton                      
20012610  rxBuffer                         
20010429  snprintf                         
20012608  timer0                           
20012c54  timerCC32XXHWAttrs               
200124a8  timerCC32XXObjects               
20011a3d  timerCallback                    
20012612  txBuffer                         
2000fdfd  uDMAChannelAssign                
2000f017  uDMAChannelAttributeDisable      
20010635  uDMAChannelControlSet            
20011321  uDMAChannelDisable               
2001133f  uDMAChannelEnable                
2001135d  uDMAChannelIsEnabled             
2000ffc5  uDMAChannelSizeGet               
2000e1c1  uDMAChannelTransferSet           
20011705  uDMAControlBaseSet               
2001195d  uDMAEnable                       
2001196b  uDMAErrorStatusClear             
20011a49  uDMAErrorStatusGet               
20011719  uDMAIntClear                     
2001260c  uart                             
20012000  uart2CC32XXObjects0              
20012c8c  udmaCC3220SHWAttrs               
200125f0  udmaCC3220SObject                
20011905  wcslen                           


GLOBAL SYMBOLS: SORTED BY Symbol Address 

address   name                             
-------   ----                             
00000000  __TI_ATRegion0_region_sz         
00000000  __TI_ATRegion0_src_addr          
00000000  __TI_ATRegion0_trg_addr          
00000000  __TI_ATRegion1_region_sz         
00000000  __TI_ATRegion1_src_addr          
00000000  __TI_ATRegion1_trg_addr          
00000000  __TI_ATRegion2_region_sz         
00000000  __TI_ATRegion2_src_addr          
00000000  __TI_ATRegion2_trg_addr          
00001000  __STACK_SIZE                     
00008000  __SYSMEM_SIZE                    
20003000  __stack                          
20004000  __STACK_END                      
20004000  __start___llvm_prf_bits          
20004000  __start___llvm_prf_cnts          
20004000  __stop___llvm_prf_bits           
20004000  __stop___llvm_prf_cnts           
20004040  _sys_memory                      
2000c041  __TI_printfi_nofloat             
2000c8ad  PRCMCC3200MCUInit                
2000cd65  Power_sleep                      
2000d36b  Board_initHook                   
2000d36d  UART2_open                       
2000d539  initI2C                          
2000d6c5  UART2_writeTimeoutBlocking       
2000d839  PowerCC32XX_sleepPolicy          
2000d989  Timer_open                       
2000dad1  GPIO_setConfig                   
2000dd49  I2C_transferTimeout              
2000de6f  I2C_init                         
2000de71  aligned_alloc                    
2000de71  memalign                         
2000df91  UART2_writeTimeoutNonblocking    
2000e0ab  PowerCC32XX_initPolicy           
2000e0ad  mainThread                       
2000e1c1  uDMAChannelTransferSet           
2000e2d3  SemaphoreP_destruct              
2000e2d5  __aeabi_dmul                     
2000e2d5  __muldf3                         
2000e3d1  free                             
2000e4c1  I2C_open                         
2000e5a9  UART2_close                      
2000e691  UART2Support_dmaStartRx          
2000e75d  IntDisable                       
2000e825  IntEnable                        
2000e9b1  UART2Support_dmaStartTx          
2000ea69  __udivmoddi4                     
2000eb19  GPIOIntTypeSet                   
2000ebc5  IntPendSet                       
2000ec69  readTemp                         
2000ed0d  PinConfigSet                     
2000ee4b  I2CMasterInitExpClk              
2000eee3  Timer_init                       
2000eee5  SemaphoreP_pend                  
2000ef7d  ClockP_doTick                    
2000ef81  PowerCC32XX_enterLPDS            
2000efc5  PowerCC32XX_resumeLPDS           
2000f017  uDMAChannelAttributeDisable      
2000f0a9  GPIO_init                        
2000f139  PRCMSysResetCauseGet             
2000f1c9  PowerCC32XX_configureWakeup      
2000f2cb  __aeabi_ldiv0                    
2000f2cd  Power_init                       
2000f345  HwiP_construct                   
2000f3b9  PRCMHibernateWakeUpGPIOSelect    
2000f42d  UARTConfigSetExpClk              
2000f4a1  __TI_decompress_lzss             
2000f511  PinLockLevelSet                  
2000f57d  Power_setDependency              
2000f5e9  UDMACC32XX_open                  
2000f72d  PRCMPeripheralReset              
2000f797  _nop                             
2000f801  IntPendClear                     
2000f8d1  GPIO_write                       
2000f931  UART2Support_dmaStopTx           
2000f991  FlashDisable                     
2000f9ed  I2CSupport_primeTransfer         
2000fa49  PRCMHibernateWakeupSourceDisable 
2000faa5  TimerCC32XX_allocateTimerResource
2000fb01  PRCMPeripheralClkEnable          
2000fb5b  clkFxn                           
2000fb5d  ClockP_startup                   
2000fbb5  IntPrioritySet                   
2000fc0d  PRCMLPDSEnter                    
2000fc65  PowerCC32XX_setParkState         
2000fcb9  Power_releaseDependency          
2000fd0d  GPIO_hwiIntFxn                   
2000fd5d  PRCMHibernateWakeupSourceEnable  
2000fdad  SemaphoreP_construct             
2000fdfd  uDMAChannelAssign                
2000fe4d  GPIO_setInterruptConfig          
2000fe99  PRCMLPDSRestoreInfoSet           
2000ff31  UART2Support_dmaStopRx           
2000ffc5  uDMAChannelSizeGet               
20010011  ClockP_sysTickHandler            
20010059  PRCMIntEnable                    
200100a1  PRCMPeripheralStatusGet          
200100e9  PinConfigGet                     
20010131  __aeabi_d2iz                     
20010131  __fixdfsi                        
200101bf  PRCMLPDSEnterKeepDebugIf         
20010205  RingBuf_put                      
2001024b  GPIODirModeSet                   
20010291  GPIO_disableInt                  
200102d5  GPIO_enableInt                   
20010319  Power_releaseConstraint          
2001035d  Timer_start                      
200103e5  initTimer                        
20010429  snprintf                         
2001046d  PinModeSet                       
200104af  TimerControlStall                
200104f1  Timer_close                      
20010575  SemaphoreP_post                  
200105b5  Timer_stop                       
200105f5  atoi                             
20010635  uDMAChannelControlSet            
20010675  PinDirModeSet                    
200106b5  ClockP_stop                      
200106f1  UDMACC32XX_init                  
2001072d  TimerSupport_timerEnable         
20010769  ClockP_destruct                  
200107a1  Power_setConstraint              
200107d9  RingBuf_putAdvance               
20010811  SwiP_restore                     
20010849  UDMACC32XX_close                 
20010881  __TI_auto_init_nobinit_nopinit   
200108b9  PinLock                          
20010925  UARTCharPutNonBlocking           
2001095d  ClockP_start                     
20010991  I2CFIFODataPutNonBlocking        
200109c5  PinDirModeGet                    
200109f9  PinModeGet                       
20010a2d  PowerCC32XX_parkPin              
20010a61  TimerCC32XX_freeTimerResource    
20010a95  UART2_rxDisable                  
20010ac9  initVectors                      
20010afd  ClockP_getTicksUntilInterrupt    
20010b2d  I2CFIFODataGetNonBlocking        
20010b5d  PRCMLPDSIntervalSet              
20010b8d  PRCMSlowClkCtrFastGet            
20010bbd  TimerLoadSet                     
20010bed  TimerPrescaleSet                 
20010c4d  initUART                         
20010cad  GPIOIntStatus                    
20010cdb  RingBuf_getConsume               
20010d09  RingBuf_putPointer               
20010d37  UARTDisable                      
20010d65  __aeabi_i2d                      
20010d65  __floatsidf                      
20010d93  I2CMasterIntStatusEx             
20010deb  HwiP_create                      
20010e15  PRCMLPDSWakeUpGPIOSelect         
20010e3f  PRCMPeripheralClkDisable         
20010e69  UARTIntStatus                    
20010e93  I2CMasterBusBusy                 
20010ebb  I2CMasterSlaveAddrSet            
20010ee3  I2CTxFIFOConfigSet               
20010f0b  I2C_cancel                       
20010f33  List_remove                      
20010f5b  PRCMSRAMRetentionEnable          
20010f85  PowerCC32XX_getParkState         
20010fad  TimerSupport_timerDisable        
20010ffd  I2CRxFIFOConfigSet               
20011021  IntUnregister                    
20011045  List_put                         
20011069  PRCMLPDSWakeupSourceEnable       
2001108d  PowerCC32XX_restoreParkState     
200110b1  PowerCC32XX_restoreParkedPin     
200110d5  Power_registerNotify             
200110f9  UART2Support_disableRx           
2001111d  _c_int00_noargs                  
20011141  GPIOPinWrite                     
20011163  PinUnlock                        
20011185  RingBuf_getPointer               
200111a7  UART2Support_sendData            
200111c9  IntRegister                      
200111e9  PinTypeI2C                       
20011209  PowerCC32XX_reset                
20011229  Power_unregisterNotify           
20011249  SemaphoreP_constructBinary       
20011269  SemaphoreP_createBinary          
20011289  TimerDisable                     
200112a9  PinTypeUART                      
200112c7  UART2_writeTimeout               
200112e5  UARTEnable                       
20011303  memccpy                          
20011321  uDMAChannelDisable               
2001133f  uDMAChannelEnable                
2001135d  uDMAChannelIsEnabled             
2001137d  GPIO_setCallback                 
20011399  HwiP_dispatch                    
200113b5  SwiP_disable                     
20011409  resetISR                         
20011425  GPIOIntDisable                   
2001143f  PRCMHIBRegRead                   
20011459  PRCMHIBRegWrite                  
20011473  PRCMLPDSWakeupSourceDisable      
2001148d  PinToPadGet                      
200114a7  TimerEnable                      
200114c1  UARTFlowControlSet               
200114db  GPIOIntEnable                    
200114f3  SemaphoreP_create                
20011523  Board_init                       
20011539  I2CMasterBurstLengthSet          
2001154f  I2CMasterIntDisableEx            
20011565  I2CRxFIFOFlush                   
2001157b  I2CTxFIFOFlush                   
20011591  SysTickPeriodSet                 
200115a7  TimerIntDisable                  
200115bd  UARTCharsAvail                   
200115d3  UARTDMADisable                   
200115e9  UARTFIFOLevelSet                 
200115ff  UARTIntDisable                   
20011615  CPUcpsid                         
20011629  CPUcpsie                         
2001163d  HwiP_destruct                    
20011651  I2CMasterIntEnableEx             
20011665  IntVTableBaseSet                 
20011679  Power_disablePolicy              
2001168d  Power_getTransitionLatency       
200116a1  Power_idleFunc                   
200116b5  TimerIntEnable                   
200116c9  UARTDMAEnable                    
200116dd  UARTIntEnable                    
200116f1  __aeabi_uldivmod                 
20011705  uDMAControlBaseSet               
20011719  uDMAIntClear                     
2001172d  ClockP_add                       
2001173f  GPIOIntClear                     
20011751  HwiP_Params_init                 
20011763  HwiP_delete                      
20011775  I2CMasterDisable                 
20011787  I2CMasterEnable                  
20011799  I2C_transfer                     
200117ab  SysTickEnable                    
200117bd  SysTickIntDisable                
200117cf  SysTickIntEnable                 
200117f3  TI_memcpy_small                  
20011805  ClockP_getCpuFreq                
20011815  ClockP_getSystemTicks            
20011825  ClockP_setTicks                  
20011835  HwiP_inISR                       
20011845  I2CMasterControl                 
20011855  I2CMasterIntClearEx              
20011865  I2CMasterTimeoutSet              
20011875  Power_enablePolicy               
20011885  RingBuf_construct                
20011895  TimerIntClear                    
200118a5  Timer_Params_init                
200118b5  UART2Support_txDone              
200118c5  UARTBusy                         
200118d5  UARTIntClear                     
200118e5  UARTRxErrorGet                   
200118f5  main                             
20011905  wcslen                           
20011915  __TI_zero_init                   
20011925  HwiP_interruptsEnabled           
20011933  I2CFIFOStatus                    
20011941  UART2_write                      
2001195d  uDMAEnable                       
2001196b  uDMAErrorStatusClear             
20011979  TI_memset_small                  
20011987  __TI_decompress_none             
20011995  CPUwfi                           
200119ad  I2C_Params_init                  
200119d1  PRCMLPDSWakeupCauseGet           
200119dd  Power_getConstraintMask          
200119f5  UART2Support_disableTx           
20011a01  UART2Support_enableTx            
20011a0d  UART2_Params_init                
20011a19  gpioButtonFxn0                   
20011a25  gpioButtonFxn1                   
20011a3d  timerCallback                    
20011a49  uDMAErrorStatusGet               
20011a55  CPUprimask                       
20011a5f  ClockP_isActive                  
20011a69  IntMasterDisable                 
20011a73  IntMasterEnable                  
20011a91  __aeabi_memset                   
20011a91  __aeabi_memset4                  
20011a91  __aeabi_memset8                  
20011aa5  HwiP_disable                     
20011aad  HwiP_restore                     
20011abd  I2CSupport_controllerFinish      
20011ac5  PRCMSleepEnter                   
20011acd  UtilsDelay                       
20011ad5  __aeabi_errno_addr               
20011add  __aeabi_memclr                   
20011add  __aeabi_memclr4                  
20011add  __aeabi_memclr8                  
20011ae5  malloc                           
20011aed  I2CSupport_powerRelConstraint    
20011af3  I2CSupport_powerSetConstraint    
20011aff  UART2Support_powerRelConstraint  
20011b05  HwiP_clearInterrupt              
20011b09  HwiP_disableInterrupt            
20011b0d  HwiP_enable                      
20011b11  HwiP_enableInterrupt             
20011b15  HwiP_post                        
20011b1d  NoRTOS_start                     
20011b21  RingBuf_getCount                 
20011b25  SemaphoreP_delete                
20011b29  __aeabi_memcpy                   
20011b29  __aeabi_memcpy4                  
20011b29  __aeabi_memcpy8                  
20011b2d  _system_pre_init                 
20011b30  C$$EXIT                          
20011b31  abort                            
20012000  uart2CC32XXObjects0              
20012178  PowerCC32XX_contextSave          
200122a4  i2cCC32XXObjects                 
200123a0  gpioCallbackFunctions            
20012424  gpioUserArgs                     
200124a8  timerCC32XXObjects               
2001252c  output                           
200125ac  i2cTransaction                   
200125e0  ClockP_ctrl                      
200125f0  udmaCC3220SObject                
20012604  i2c                              
20012608  timer0                           
2001260c  uart                             
20012610  rxBuffer                         
20012612  txBuffer                         
20012620  __aeabi_ctype_table_             
20012620  __aeabi_ctype_table_C            
20012723  GPIO_pinUpperBound               
200129e8  PowerCC32XX_config               
20012a96  I2C_count                        
20012a97  Timer_count                      
20012ae8  UART2_defaultParams              
20012b4e  UART2_count                      
20012bfc  i2cCC32XXHWAttrs                 
20012c34  GPIO_config                      
20012c54  timerCC32XXHWAttrs               
20012c8c  udmaCC3220SHWAttrs               
20012cb0  I2C_config                       
20012cb8  Timer_config                     
20012cc0  UART2_config                     
20012cc8  UDMACC32XX_config                
20012ff4  PowerCC32XX_module               
20013160  parkInfo                         
20013258  gpioPinConfigs                   
20013340  TimerFlag                        
20013344  leftButton                       
20013348  rightButton                      
2001334c  bytesWritten                     
20013358  SemaphoreP_defaultParams         
2001336c  ClockP_tickPeriod                
20013370  HwiP_swiPIntNum                  
20013374  __aeabi_errno                    
20013378  _lock                            
2001337c  _unlock                          
20013388  __TI_static_base__               
2001345c  __TI_Handler_Table_Base          
20013468  __TI_Handler_Table_Limit         
20013470  __TI_CINIT_Base                  
20013480  __TI_CINIT_Limit                 
20013480  __TI_CINIT_Warm                  
ffffffff  __TI_pprof_out_hndl              
ffffffff  __TI_prof_data_size              
ffffffff  __TI_prof_data_start             
ffffffff  __binit__                        
ffffffff  binit                            
UNDEFED   ITM_flush                        
UNDEFED   ITM_restore                      
UNDEFED   __mpu_init                       
UNDEFED   _system_post_cinit               

[367 symbols]
